[2026.08.27 15:02:45][Info][Editor] ModCooker: Step Clean has been started!
[2026.08.27 15:02:45][Info][Editor] ModCooker: Step Clean has finished!
[2026.08.27 15:02:45][Info][Core] Reachability		 35.45 ms
[2026.08.27 15:02:45][Info][Core] Collecting unreachables 0.25 ms
[2026.08.27 15:02:45][Info][Core] GC 100426->100426, 380 roots, 35.74 ms
[2026.08.27 15:02:45][Info][Editor] ModCooker: Step Analyze has been started!
[2026.08.27 15:02:45][Info][Editor] ModCooker: Step Analyze has finished!
[2026.08.27 15:02:45][Info][Editor] ModCooker: Step CompileShaders has been started!
[2026.08.27 15:02:45][Info][Editor] ModCooker: Step CompileShaders has finished!
[2026.08.27 15:02:45][Info][WCC] Parsed seed list 'in memory', found 4 seed files to cook
[2026.08.27 15:02:45][Info][WCC] Loading cooker data base...
[2026.08.27 15:02:45][Warning][WCC] Failed to load existing cooking data base from 'd:\games\_modding\w3modding\redkit\projects\myproject\cooked\cook.db'. New one will be generated.
[2026.08.27 15:02:45][Info][Cooker] Initializing texture cache...
[2026.08.27 15:02:45][Info][WCC] Found 4 files in the initial cooking list
[2026.08.27 15:02:45][Info][WCC] Start cooking gameplay\gui_new\actionscript\red\game\witcher3\menus\common_menu\menuplayerstats.as
[2026.08.27 15:02:45][Error][WCC] Failed to load 'gameplay\gui_new\actionscript\red\game\witcher3\menus\common_menu\menuplayerstats.as' - is this a resource
[2026.08.27 15:02:45][Error][WCC] Failed to cook 'gameplay\gui_new\actionscript\red\game\witcher3\menus\common_menu\menuplayerstats.as' !
[2026.08.27 15:02:45][Info][WCC] Start cooking gameplay\gui_new\fla\witcher3\menus\inventory\menuinventory.fla
[2026.08.27 15:02:45][Error][WCC] Failed to load 'gameplay\gui_new\fla\witcher3\menus\inventory\menuinventory.fla' - is this a resource
[2026.08.27 15:02:45][Error][WCC] Failed to cook 'gameplay\gui_new\fla\witcher3\menus\inventory\menuinventory.fla' !
[2026.08.27 15:02:45][Info][WCC] Start cooking gameplay\gui_new\fla\witcher3\menus\inventory\recover_menuinventory.fla
[2026.08.27 15:02:45][Error][WCC] Failed to load 'gameplay\gui_new\fla\witcher3\menus\inventory\recover_menuinventory.fla' - is this a resource
[2026.08.27 15:02:45][Error][WCC] Failed to cook 'gameplay\gui_new\fla\witcher3\menus\inventory\recover_menuinventory.fla' !
[2026.08.27 15:02:45][Info][WCC] Start cooking gameplay\gui_new\fla\witcher3\menus\mapmenu\panel_worldmap.fla
[2026.08.27 15:02:45][Error][WCC] Failed to load 'gameplay\gui_new\fla\witcher3\menus\mapmenu\panel_worldmap.fla' - is this a resource
[2026.08.27 15:02:45][Error][WCC] Failed to cook 'gameplay\gui_new\fla\witcher3\menus\mapmenu\panel_worldmap.fla' !
[2026.08.27 15:02:45][Info][WCC] Biggest BLAS size = 0 kb - ''
[2026.08.27 15:02:45][Info][WCC] Cooker data base saved in 0.00s (4 entries, 0.00 MB)
[2026.08.27 15:02:45][Info][WCC] Cooking finished in 0.00s
[2026.08.27 15:02:45][Info][WCC] Cooked 4 files in total
[2026.08.27 15:02:45][Info][WCC] Total loading time: 0.00s
[2026.08.27 15:02:45][Info][WCC] Total saving time: 0.00s
[2026.08.27 15:02:45][Info][WCC] Total cooking time: 0.00s (0 objects)
[2026.08.27 15:02:45][Info][WCC] Per class cooking stats (0 classes):
[2026.08.27 15:02:45][Info][WCC] Cooker data base saved in 0.00s (4 entries, 0.00 MB)
[2026.08.27 15:02:45][Info][Cooker] Flushing texture cache...
[2026.08.27 15:02:45][Info][Editor] ModCooker: Step Cook has been started!
[2026.08.27 15:02:45][Info][Editor] ModCooker: Step Cook has finished!
[2026.08.27 15:02:45][Error][SoundModCooker] Fatal Error: WWISE installation not found, please install it from https://www.audiokinetic.com/
 - The WWISE version must not be newer than 2021.1.14

The Editor searches in these places (in this order):
 - In the default installation folder: "C:\Program Files (x86)\Audiokinetic\Wwise..."
 - In the system's PATH, as "WwiseCLI.exe" or "WwiseConsole.exe"
 - In "tools\wwise\x64\Release\bin\WwiseCLI.exe"

[2026.08.27 15:02:45][Info][Editor] ModCooker: Step CompileSounds has been started!
[2026.08.27 15:02:45][Info][Editor] ModCooker: Step CompileSounds has finished!
[2026.08.27 15:02:45][Info][Core] Reachability		 38.24 ms
[2026.08.27 15:02:45][Info][Core] Collecting unreachables 0.24 ms
[2026.08.27 15:02:45][Info][Core] GC 100426->100426, 380 roots, 38.51 ms
[2026.08.27 15:02:45][Info][Core] Reachability		 35.91 ms
[2026.08.27 15:02:45][Info][Core] Collecting unreachables 0.24 ms
[2026.08.27 15:02:45][Info][Core] GC 100426->100426, 380 roots, 36.19 ms
[2026.08.27 15:02:45][Info][Core] Reachability		 35.11 ms
[2026.08.27 15:02:45][Info][Core] Collecting unreachables 0.24 ms
[2026.08.27 15:02:45][Info][Core] GC 100426->100426, 380 roots, 35.39 ms
[2026.08.27 15:02:45][Info][Core] Reachability		 33.76 ms
[2026.08.27 15:02:45][Info][Core] Collecting unreachables 0.23 ms
[2026.08.27 15:02:45][Info][Core] GC 100426->100426, 380 roots, 34.03 ms
[2026.08.27 15:02:45][Info][Core] Reachability		 33.46 ms
[2026.08.27 15:02:45][Info][Core] Collecting unreachables 0.23 ms
[2026.08.27 15:02:45][Info][Core] GC 100426->100426, 380 roots, 33.73 ms
[2026.08.27 15:02:45][Info][Core] Reachability		 33.40 ms
[2026.08.27 15:02:45][Info][Core] Collecting unreachables 0.23 ms
[2026.08.27 15:02:45][Info][Core] GC 100426->100426, 380 roots, 33.68 ms
[2026.08.27 15:02:45][Info][Core] Reachability		 33.06 ms
[2026.08.27 15:02:45][Info][Core] Collecting unreachables 0.24 ms
[2026.08.27 15:02:45][Info][Core] GC 100426->100426, 380 roots, 33.34 ms
[2026.08.27 15:02:45][Info][Core] Reachability		 33.29 ms
[2026.08.27 15:02:45][Info][Core] Collecting unreachables 0.21 ms
[2026.08.27 15:02:45][Info][Core] GC 100426->100426, 380 roots, 33.54 ms
[2026.08.27 15:02:45][Info][Core] Reachability		 34.41 ms
[2026.08.27 15:02:45][Info][Core] Collecting unreachables 0.25 ms
[2026.08.27 15:02:45][Info][Core] GC 100426->100426, 380 roots, 34.71 ms
[2026.08.27 15:02:45][Info][Core] Reachability		 37.41 ms
[2026.08.27 15:02:45][Info][Core] Collecting unreachables 0.22 ms
[2026.08.27 15:02:45][Info][Core] GC 100426->100426, 380 roots, 37.67 ms
[2026.08.27 15:02:45][Info][Core] Reachability		 33.95 ms
[2026.08.27 15:02:45][Info][Core] Collecting unreachables 0.23 ms
[2026.08.27 15:02:45][Info][Core] GC 100426->100426, 380 roots, 34.22 ms
[2026.08.27 15:02:45][Info][Core] Reachability		 33.50 ms
[2026.08.27 15:02:45][Info][Core] Collecting unreachables 0.23 ms
[2026.08.27 15:02:45][Info][Core] GC 100426->100426, 380 roots, 33.77 ms
[2026.08.27 15:02:45][Info][Core] Reachability		 34.14 ms
[2026.08.27 15:02:45][Info][Core] Collecting unreachables 0.23 ms
[2026.08.27 15:02:45][Info][Core] GC 100426->100426, 380 roots, 34.41 ms
[2026.08.27 15:02:45][Info][Core] Reachability		 33.69 ms
[2026.08.27 15:02:45][Info][Core] Collecting unreachables 0.25 ms
[2026.08.27 15:02:45][Info][Core] GC 100426->100426, 380 roots, 33.97 ms
[2026.08.27 15:02:46][Info][Core] Reachability		 34.27 ms
[2026.08.27 15:02:46][Info][Core] Collecting unreachables 0.23 ms
[2026.08.27 15:02:46][Info][Core] GC 100426->100426, 380 roots, 34.54 ms
[2026.08.27 15:02:46][Info][Core] Reachability		 35.02 ms
[2026.08.27 15:02:46][Info][Core] Collecting unreachables 0.23 ms
[2026.08.27 15:02:46][Info][Core] GC 100426->100426, 380 roots, 35.28 ms
[2026.08.27 15:02:46][Info][Core] Reachability		 35.69 ms
[2026.08.27 15:02:46][Info][Core] Collecting unreachables 0.23 ms
[2026.08.27 15:02:46][Info][Core] GC 100426->100426, 380 roots, 36.00 ms
[2026.08.27 15:02:46][Info][Editor] ModCooker: Step CompileSpeech has been started!
[2026.08.27 15:02:46][Info][Editor] ModCooker: Step CompileSpeech has finished!
[2026.08.27 15:02:46][Info][Editor] ModCooker: Step VerifyAndCopy has been started!
[2026.08.27 15:02:46][Info][Editor] ModCooker: Step VerifyAndCopy has finished!
[2026.08.27 15:02:46][Info][WCC] Loading cooker data base...
[2026.08.27 15:02:46][Info][WCC] Parsing cooker data base...
[2026.08.27 15:02:46][Info][WCC] Parsed 4 existing entries from cooker data base in 0.00s
[2026.08.27 15:02:46][Info][Editor] ModCooker: Step CollisionCache has been started!
[2026.08.27 15:02:46][Info][Editor] ModCooker: Step CollisionCache has finished!
[2026.08.27 15:02:46][Info][WCC] Loading cooker data base...
[2026.08.27 15:02:46][Info][WCC] Parsing cooker data base...
[2026.08.27 15:02:46][Info][WCC] Parsed 4 existing entries from cooker data base in 0.00s
[2026.08.27 15:02:46][Info][Editor] ModCooker: Step TextureCache has been started!
[2026.08.27 15:02:46][Info][Editor] ModCooker: Step TextureCache has finished!
[2026.08.27 15:02:46][Info][Editor] ModCooker: Step CreateBundles has been started!
[2026.08.27 15:02:46][Info][Editor] ModCooker: Step CreateBundles has finished!
[2026.08.27 15:02:46][Error][Editor] Could not remove directory: 'd:\games\_modding\w3modding\redkit\projects\myproject\packed\dlc\'
[2026.08.27 15:02:46][Info][Editor] ModCooker: Step CreateMetadataStores has been started!
[2026.08.27 15:02:46][Info][Editor] ModCooker: Step CreateMetadataStores has finished!
