[2026.08.27 15:02:09][Info][Editor] ModCooker: Step Clean has been started!
[2026.08.27 15:02:09][Info][Editor] ModCooker: Step Clean has finished!
[2026.08.27 15:02:09][Info][Core] Reachability		 37.62 ms
[2026.08.27 15:02:09][Info][Core] Collecting unreachables 0.24 ms
[2026.08.27 15:02:09][Info][Core] GC 100426->100426, 380 roots, 37.91 ms
[2026.08.27 15:02:09][Info][Editor] ModCooker: Step Analyze has been started!
[2026.08.27 15:02:09][Info][Editor] ModCooker: Step Analyze has finished!
[2026.08.27 15:02:09][Info][Editor] ModCooker: Step CompileShaders has been started!
[2026.08.27 15:02:09][Info][Editor] ModCooker: Step CompileShaders has finished!
[2026.08.27 15:02:09][Info][WCC] Parsed seed list 'in memory', found 4 seed files to cook
[2026.08.27 15:02:09][Info][WCC] Loading cooker data base...
[2026.08.27 15:02:09][Warning][WCC] Failed to load existing cooking data base from 'd:\games\_modding\w3modding\redkit\projects\myproject\cooked\cook.db'. New one will be generated.
[2026.08.27 15:02:09][Info][Cooker] Initializing texture cache...
[2026.08.27 15:02:09][Info][WCC] Found 4 files in the initial cooking list
[2026.08.27 15:02:09][Info][WCC] Start cooking gameplay\gui_new\actionscript\red\game\witcher3\menus\common_menu\menuplayerstats.as
[2026.08.27 15:02:09][Error][WCC] Failed to load 'gameplay\gui_new\actionscript\red\game\witcher3\menus\common_menu\menuplayerstats.as' - is this a resource
[2026.08.27 15:02:09][Error][WCC] Failed to cook 'gameplay\gui_new\actionscript\red\game\witcher3\menus\common_menu\menuplayerstats.as' !
[2026.08.27 15:02:09][Info][WCC] Start cooking gameplay\gui_new\fla\witcher3\menus\inventory\menuinventory.fla
[2026.08.27 15:02:09][Error][WCC] Failed to load 'gameplay\gui_new\fla\witcher3\menus\inventory\menuinventory.fla' - is this a resource
[2026.08.27 15:02:09][Error][WCC] Failed to cook 'gameplay\gui_new\fla\witcher3\menus\inventory\menuinventory.fla' !
[2026.08.27 15:02:09][Info][WCC] Start cooking gameplay\gui_new\fla\witcher3\menus\inventory\recover_menuinventory.fla
[2026.08.27 15:02:09][Error][WCC] Failed to load 'gameplay\gui_new\fla\witcher3\menus\inventory\recover_menuinventory.fla' - is this a resource
[2026.08.27 15:02:09][Error][WCC] Failed to cook 'gameplay\gui_new\fla\witcher3\menus\inventory\recover_menuinventory.fla' !
[2026.08.27 15:02:09][Info][WCC] Start cooking gameplay\gui_new\fla\witcher3\menus\mapmenu\panel_worldmap.fla
[2026.08.27 15:02:09][Error][WCC] Failed to load 'gameplay\gui_new\fla\witcher3\menus\mapmenu\panel_worldmap.fla' - is this a resource
[2026.08.27 15:02:09][Error][WCC] Failed to cook 'gameplay\gui_new\fla\witcher3\menus\mapmenu\panel_worldmap.fla' !
[2026.08.27 15:02:09][Info][WCC] Biggest BLAS size = 0 kb - ''
[2026.08.27 15:02:09][Info][WCC] Cooker data base saved in 0.00s (4 entries, 0.00 MB)
[2026.08.27 15:02:09][Info][WCC] Cooking finished in 0.00s
[2026.08.27 15:02:09][Info][WCC] Cooked 4 files in total
[2026.08.27 15:02:09][Info][WCC] Total loading time: 0.00s
[2026.08.27 15:02:09][Info][WCC] Total saving time: 0.00s
[2026.08.27 15:02:09][Info][WCC] Total cooking time: 0.00s (0 objects)
[2026.08.27 15:02:09][Info][WCC] Per class cooking stats (0 classes):
[2026.08.27 15:02:09][Info][WCC] Cooker data base saved in 0.00s (4 entries, 0.00 MB)
[2026.08.27 15:02:09][Info][Cooker] Flushing texture cache...
[2026.08.27 15:02:09][Info][Editor] ModCooker: Step Cook has been started!
[2026.08.27 15:02:09][Info][Editor] ModCooker: Step Cook has finished!
[2026.08.27 15:02:09][Error][SoundModCooker] Fatal Error: WWISE installation not found, please install it from https://www.audiokinetic.com/
 - The WWISE version must not be newer than 2021.1.14

The Editor searches in these places (in this order):
 - In the default installation folder: "C:\Program Files (x86)\Audiokinetic\Wwise..."
 - In the system's PATH, as "WwiseCLI.exe" or "WwiseConsole.exe"
 - In "tools\wwise\x64\Release\bin\WwiseCLI.exe"

[2026.08.27 15:02:09][Info][Editor] ModCooker: Step CompileSounds has been started!
[2026.08.27 15:02:09][Info][Editor] ModCooker: Step CompileSounds has finished!
[2026.08.27 15:02:10][Info][Core] Reachability		 39.16 ms
[2026.08.27 15:02:10][Info][Core] Collecting unreachables 0.23 ms
[2026.08.27 15:02:10][Info][Core] GC 100426->100426, 380 roots, 39.45 ms
[2026.08.27 15:02:10][Info][Core] Reachability		 37.18 ms
[2026.08.27 15:02:10][Info][Core] Collecting unreachables 0.23 ms
[2026.08.27 15:02:10][Info][Core] GC 100426->100426, 380 roots, 37.45 ms
[2026.08.27 15:02:10][Info][Core] Reachability		 35.57 ms
[2026.08.27 15:02:10][Info][Core] Collecting unreachables 0.23 ms
[2026.08.27 15:02:10][Info][Core] GC 100426->100426, 380 roots, 35.86 ms
[2026.08.27 15:02:10][Info][Core] Reachability		 34.74 ms
[2026.08.27 15:02:10][Info][Core] Collecting unreachables 0.23 ms
[2026.08.27 15:02:10][Info][Core] GC 100426->100426, 380 roots, 35.01 ms
[2026.08.27 15:02:10][Info][Core] Reachability		 33.80 ms
[2026.08.27 15:02:10][Info][Core] Collecting unreachables 0.21 ms
[2026.08.27 15:02:10][Info][Core] GC 100426->100426, 380 roots, 34.05 ms
[2026.08.27 15:02:10][Info][Core] Reachability		 33.82 ms
[2026.08.27 15:02:10][Info][Core] Collecting unreachables 0.23 ms
[2026.08.27 15:02:10][Info][Core] GC 100426->100426, 380 roots, 34.09 ms
[2026.08.27 15:02:10][Info][Core] Reachability		 33.79 ms
[2026.08.27 15:02:10][Info][Core] Collecting unreachables 0.23 ms
[2026.08.27 15:02:10][Info][Core] GC 100426->100426, 380 roots, 34.06 ms
[2026.08.27 15:02:10][Info][Core] Reachability		 33.93 ms
[2026.08.27 15:02:10][Info][Core] Collecting unreachables 0.22 ms
[2026.08.27 15:02:10][Info][Core] GC 100426->100426, 380 roots, 34.19 ms
[2026.08.27 15:02:10][Info][Core] Reachability		 33.37 ms
[2026.08.27 15:02:10][Info][Core] Collecting unreachables 0.24 ms
[2026.08.27 15:02:10][Info][Core] GC 100426->100426, 380 roots, 33.65 ms
[2026.08.27 15:02:10][Info][Core] Reachability		 33.66 ms
[2026.08.27 15:02:10][Info][Core] Collecting unreachables 0.23 ms
[2026.08.27 15:02:10][Info][Core] GC 100426->100426, 380 roots, 33.94 ms
[2026.08.27 15:02:10][Info][Core] Reachability		 35.24 ms
[2026.08.27 15:02:10][Info][Core] Collecting unreachables 0.24 ms
[2026.08.27 15:02:10][Info][Core] GC 100426->100426, 380 roots, 35.52 ms
[2026.08.27 15:02:10][Info][Core] Reachability		 34.03 ms
[2026.08.27 15:02:10][Info][Core] Collecting unreachables 0.23 ms
[2026.08.27 15:02:10][Info][Core] GC 100426->100426, 380 roots, 34.30 ms
[2026.08.27 15:02:10][Info][Core] Reachability		 35.07 ms
[2026.08.27 15:02:10][Info][Core] Collecting unreachables 0.23 ms
[2026.08.27 15:02:10][Info][Core] GC 100426->100426, 380 roots, 35.34 ms
[2026.08.27 15:02:10][Info][Core] Reachability		 34.45 ms
[2026.08.27 15:02:10][Info][Core] Collecting unreachables 0.23 ms
[2026.08.27 15:02:10][Info][Core] GC 100426->100426, 380 roots, 34.72 ms
[2026.08.27 15:02:10][Info][Core] Reachability		 33.95 ms
[2026.08.27 15:02:10][Info][Core] Collecting unreachables 0.24 ms
[2026.08.27 15:02:10][Info][Core] GC 100426->100426, 380 roots, 34.23 ms
[2026.08.27 15:02:10][Info][Core] Reachability		 36.16 ms
[2026.08.27 15:02:10][Info][Core] Collecting unreachables 0.23 ms
[2026.08.27 15:02:10][Info][Core] GC 100426->100426, 380 roots, 36.43 ms
[2026.08.27 15:02:10][Info][Core] Reachability		 34.54 ms
[2026.08.27 15:02:10][Info][Core] Collecting unreachables 0.24 ms
[2026.08.27 15:02:10][Info][Core] GC 100426->100426, 380 roots, 34.82 ms
[2026.08.27 15:02:10][Info][Editor] ModCooker: Step CompileSpeech has been started!
[2026.08.27 15:02:10][Info][Editor] ModCooker: Step CompileSpeech has finished!
[2026.08.27 15:02:10][Info][Editor] ModCooker: Step VerifyAndCopy has been started!
[2026.08.27 15:02:10][Info][Editor] ModCooker: Step VerifyAndCopy has finished!
[2026.08.27 15:02:10][Info][WCC] Loading cooker data base...
[2026.08.27 15:02:10][Info][WCC] Parsing cooker data base...
[2026.08.27 15:02:10][Info][WCC] Parsed 4 existing entries from cooker data base in 0.00s
[2026.08.27 15:02:10][Info][Editor] ModCooker: Step CollisionCache has been started!
[2026.08.27 15:02:10][Info][Editor] ModCooker: Step CollisionCache has finished!
[2026.08.27 15:02:10][Info][WCC] Loading cooker data base...
[2026.08.27 15:02:10][Info][WCC] Parsing cooker data base...
[2026.08.27 15:02:10][Info][WCC] Parsed 4 existing entries from cooker data base in 0.00s
[2026.08.27 15:02:10][Info][Editor] ModCooker: Step TextureCache has been started!
[2026.08.27 15:02:10][Info][Editor] ModCooker: Step TextureCache has finished!
[2026.08.27 15:02:10][Info][Editor] ModCooker: Step CreateBundles has been started!
[2026.08.27 15:02:10][Info][Editor] ModCooker: Step CreateBundles has finished!
[2026.08.27 15:02:10][Error][Editor] Could not remove directory: 'd:\games\_modding\w3modding\redkit\projects\myproject\packed\dlc\'
[2026.08.27 15:02:10][Info][Editor] ModCooker: Step CreateMetadataStores has been started!
[2026.08.27 15:02:10][Info][Editor] ModCooker: Step CreateMetadataStores has finished!
