[2026.08.27 16:53:30][Info][Editor] ModCooker: Step Clean has been started!
[2026.08.27 16:53:30][Info][Editor] ModCooker: Step Clean has finished!
[2026.08.27 16:53:30][Info][Core] Reachability		 37.75 ms
[2026.08.27 16:53:30][Info][Core] Collecting unreachables 0.21 ms
[2026.08.27 16:53:30][Info][Core] GC 100419->100419, 373 roots, 38.00 ms
[2026.08.27 16:53:30][Info][Editor] ModCooker: Step Analyze has been started!
[2026.08.27 16:53:30][Info][Editor] ModCooker: Step Analyze has finished!
[2026.08.27 16:53:30][Info][Editor] ModCooker: Step CompileShaders has been started!
[2026.08.27 16:53:30][Info][Editor] ModCooker: Step CompileShaders has finished!
[2026.08.27 16:53:30][Info][WCC] Parsed seed list 'in memory', found 4 seed files to cook
[2026.08.27 16:53:30][Info][WCC] Loading cooker data base...
[2026.08.27 16:53:30][Warning][WCC] Failed to load existing cooking data base from 'd:\games\_modding\w3modding\redkit\projects\myproject\cooked\cook.db'. New one will be generated.
[2026.08.27 16:53:30][Info][Cooker] Initializing texture cache...
[2026.08.27 16:53:30][Info][WCC] Found 4 files in the initial cooking list
[2026.08.27 16:53:30][Info][WCC] Start cooking gameplay\gui_new\actionscript\red\game\witcher3\menus\common_menu\menuplayerstats.as
[2026.08.27 16:53:30][Error][WCC] Failed to load 'gameplay\gui_new\actionscript\red\game\witcher3\menus\common_menu\menuplayerstats.as' - is this a resource
[2026.08.27 16:53:30][Error][WCC] Failed to cook 'gameplay\gui_new\actionscript\red\game\witcher3\menus\common_menu\menuplayerstats.as' !
[2026.08.27 16:53:30][Info][WCC] Start cooking gameplay\gui_new\fla\witcher3\menus\common\menucommon.fla
[2026.08.27 16:53:30][Warning][Core] File magic is invalid (04034B50 != 57325243), file is not a resource.
[2026.08.27 16:53:30][Error][Core] Dynamic class resolve for resource 'gameplay\gui_new\fla\witcher3\menus\common\menucommon.fla' failed!'
[2026.08.27 16:53:30][Warning][Core] File magic is invalid (04034B50 != 57325243), file is not a resource.
[2026.08.27 16:53:30][Error][Core] Deserialization failure in file 'gameplay\gui_new\fla\witcher3\menus\common\menucommon.fla'
[2026.08.27 16:53:30][Error][Core] !!! LOADING FAILED !!! 
[2026.08.27 16:53:30][Error][Core] Unable to load 'gameplay\gui_new\fla\witcher3\menus\common\menucommon.fla' 
[2026.08.27 16:53:30][Error][WCC] Failed to load 'gameplay\gui_new\fla\witcher3\menus\common\menucommon.fla' - is this a resource
[2026.08.27 16:53:30][Error][WCC] Failed to cook 'gameplay\gui_new\fla\witcher3\menus\common\menucommon.fla' !
[2026.08.27 16:53:30][Info][WCC] Start cooking gameplay\gui_new\fla\witcher3\menus\inventory\menuinventory.fla
[2026.08.27 16:53:30][Error][WCC] Failed to load 'gameplay\gui_new\fla\witcher3\menus\inventory\menuinventory.fla' - is this a resource
[2026.08.27 16:53:30][Error][WCC] Failed to cook 'gameplay\gui_new\fla\witcher3\menus\inventory\menuinventory.fla' !
[2026.08.27 16:53:30][Info][WCC] Start cooking gameplay\gui_new\fla\witcher3\menus\mapmenu\panel_worldmap.fla
[2026.08.27 16:53:30][Error][WCC] Failed to load 'gameplay\gui_new\fla\witcher3\menus\mapmenu\panel_worldmap.fla' - is this a resource
[2026.08.27 16:53:30][Error][WCC] Failed to cook 'gameplay\gui_new\fla\witcher3\menus\mapmenu\panel_worldmap.fla' !
[2026.08.27 16:53:30][Info][WCC] Biggest BLAS size = 0 kb - ''
[2026.08.27 16:53:30][Info][WCC] Cooker data base saved in 0.00s (4 entries, 0.00 MB)
[2026.08.27 16:53:30][Info][WCC] Cooking finished in 0.00s
[2026.08.27 16:53:30][Info][WCC] Cooked 4 files in total
[2026.08.27 16:53:30][Info][WCC] Total loading time: 0.00s
[2026.08.27 16:53:30][Info][WCC] Total saving time: 0.00s
[2026.08.27 16:53:30][Info][WCC] Total cooking time: 0.00s (0 objects)
[2026.08.27 16:53:30][Info][WCC] Per class cooking stats (0 classes):
[2026.08.27 16:53:30][Info][WCC] Cooker data base saved in 0.00s (4 entries, 0.00 MB)
[2026.08.27 16:53:30][Info][Cooker] Flushing texture cache...
[2026.08.27 16:53:30][Info][Editor] ModCooker: Step Cook has been started!
[2026.08.27 16:53:30][Info][Editor] ModCooker: Step Cook has finished!
[2026.08.27 16:53:30][Error][SoundModCooker] Fatal Error: WWISE installation not found, please install it from https://www.audiokinetic.com/
 - The WWISE version must not be newer than 2021.1.14

The Editor searches in these places (in this order):
 - In the default installation folder: "C:\Program Files (x86)\Audiokinetic\Wwise..."
 - In the system's PATH, as "WwiseCLI.exe" or "WwiseConsole.exe"
 - In "tools\wwise\x64\Release\bin\WwiseCLI.exe"

[2026.08.27 16:53:30][Info][Editor] ModCooker: Step CompileSounds has been started!
[2026.08.27 16:53:30][Info][Editor] ModCooker: Step CompileSounds has finished!
[2026.08.27 16:53:31][Info][Core] Reachability		 35.70 ms
[2026.08.27 16:53:31][Info][Core] Collecting unreachables 0.24 ms
[2026.08.27 16:53:31][Info][Core] GC 100420->100419, 373 roots, 36.03 ms
[2026.08.27 16:53:31][Info][Core] Reachability		 33.95 ms
[2026.08.27 16:53:31][Info][Core] Collecting unreachables 0.21 ms
[2026.08.27 16:53:31][Info][Core] GC 100419->100419, 373 roots, 34.20 ms
[2026.08.27 16:53:31][Info][Core] Reachability		 35.17 ms
[2026.08.27 16:53:31][Info][Core] Collecting unreachables 0.23 ms
[2026.08.27 16:53:31][Info][Core] GC 100419->100419, 373 roots, 35.45 ms
[2026.08.27 16:53:31][Info][Core] Reachability		 34.20 ms
[2026.08.27 16:53:31][Info][Core] Collecting unreachables 0.23 ms
[2026.08.27 16:53:31][Info][Core] GC 100419->100419, 373 roots, 34.48 ms
[2026.08.27 16:53:31][Info][Core] Reachability		 33.80 ms
[2026.08.27 16:53:31][Info][Core] Collecting unreachables 0.21 ms
[2026.08.27 16:53:31][Info][Core] GC 100419->100419, 373 roots, 34.05 ms
[2026.08.27 16:53:31][Info][Core] Reachability		 34.42 ms
[2026.08.27 16:53:31][Info][Core] Collecting unreachables 0.21 ms
[2026.08.27 16:53:31][Info][Core] GC 100419->100419, 373 roots, 34.67 ms
[2026.08.27 16:53:31][Info][Core] Reachability		 34.00 ms
[2026.08.27 16:53:31][Info][Core] Collecting unreachables 0.21 ms
[2026.08.27 16:53:31][Info][Core] GC 100419->100419, 373 roots, 34.24 ms
[2026.08.27 16:53:31][Info][Core] Reachability		 33.99 ms
[2026.08.27 16:53:31][Info][Core] Collecting unreachables 0.23 ms
[2026.08.27 16:53:31][Info][Core] GC 100419->100419, 373 roots, 34.26 ms
[2026.08.27 16:53:31][Info][Core] Reachability		 35.09 ms
[2026.08.27 16:53:31][Info][Core] Collecting unreachables 0.22 ms
[2026.08.27 16:53:31][Info][Core] GC 100419->100419, 373 roots, 35.35 ms
[2026.08.27 16:53:31][Info][Core] Reachability		 38.74 ms
[2026.08.27 16:53:31][Info][Core] Collecting unreachables 0.24 ms
[2026.08.27 16:53:31][Info][Core] GC 100419->100419, 373 roots, 39.02 ms
[2026.08.27 16:53:31][Info][Core] Reachability		 37.48 ms
[2026.08.27 16:53:31][Info][Core] Collecting unreachables 0.23 ms
[2026.08.27 16:53:31][Info][Core] GC 100419->100419, 373 roots, 37.76 ms
[2026.08.27 16:53:31][Info][Core] Reachability		 35.90 ms
[2026.08.27 16:53:31][Info][Core] Collecting unreachables 0.22 ms
[2026.08.27 16:53:31][Info][Core] GC 100419->100419, 373 roots, 36.15 ms
[2026.08.27 16:53:31][Info][Core] Reachability		 34.87 ms
[2026.08.27 16:53:31][Info][Core] Collecting unreachables 0.21 ms
[2026.08.27 16:53:31][Info][Core] GC 100419->100419, 373 roots, 35.13 ms
[2026.08.27 16:53:31][Info][Core] Reachability		 34.56 ms
[2026.08.27 16:53:31][Info][Core] Collecting unreachables 0.24 ms
[2026.08.27 16:53:31][Info][Core] GC 100419->100419, 373 roots, 34.84 ms
[2026.08.27 16:53:31][Info][Core] Reachability		 34.66 ms
[2026.08.27 16:53:31][Info][Core] Collecting unreachables 0.24 ms
[2026.08.27 16:53:31][Info][Core] GC 100419->100419, 373 roots, 34.94 ms
[2026.08.27 16:53:31][Info][Core] Reachability		 36.37 ms
[2026.08.27 16:53:31][Info][Core] Collecting unreachables 0.21 ms
[2026.08.27 16:53:31][Info][Core] GC 100419->100419, 373 roots, 36.62 ms
[2026.08.27 16:53:31][Info][Core] Reachability		 35.17 ms
[2026.08.27 16:53:31][Info][Core] Collecting unreachables 0.22 ms
[2026.08.27 16:53:31][Info][Core] GC 100419->100419, 373 roots, 35.42 ms
[2026.08.27 16:53:31][Info][Editor] ModCooker: Step CompileSpeech has been started!
[2026.08.27 16:53:31][Info][Editor] ModCooker: Step CompileSpeech has finished!
[2026.08.27 16:53:31][Info][Editor] ModCooker: Step VerifyAndCopy has been started!
[2026.08.27 16:53:31][Info][Editor] ModCooker: Step VerifyAndCopy has finished!
[2026.08.27 16:53:31][Info][WCC] Loading cooker data base...
[2026.08.27 16:53:31][Info][WCC] Parsing cooker data base...
[2026.08.27 16:53:31][Info][WCC] Parsed 4 existing entries from cooker data base in 0.00s
[2026.08.27 16:53:31][Info][Editor] ModCooker: Step CollisionCache has been started!
[2026.08.27 16:53:31][Info][Editor] ModCooker: Step CollisionCache has finished!
[2026.08.27 16:53:31][Info][WCC] Loading cooker data base...
[2026.08.27 16:53:31][Info][WCC] Parsing cooker data base...
[2026.08.27 16:53:31][Info][WCC] Parsed 4 existing entries from cooker data base in 0.00s
[2026.08.27 16:53:31][Info][Editor] ModCooker: Step TextureCache has been started!
[2026.08.27 16:53:31][Info][Editor] ModCooker: Step TextureCache has finished!
[2026.08.27 16:53:31][Info][Editor] ModCooker: Step CreateBundles has been started!
[2026.08.27 16:53:31][Info][Editor] ModCooker: Step CreateBundles has finished!
[2026.08.27 16:53:31][Error][Editor] Could not remove directory: 'd:\games\_modding\w3modding\redkit\projects\myproject\packed\dlc\'
[2026.08.27 16:53:31][Info][Editor] ModCooker: Step CreateMetadataStores has been started!
[2026.08.27 16:53:31][Info][Editor] ModCooker: Step CreateMetadataStores has finished!
